// Vitest Snapshot v1, https://vitest.dev/guide/snapshot.html

exports[`Index page tests > Index page is rendered 1`] = `
<body
  style="overflow-y: scroll;"
>
  <div>
    <div
      class="Toastify"
    />
    <div
      class="MuiGrid-root MuiGrid-container loading css-1nwvk3e-MuiGrid-root"
      style="height: 0px;"
    >
      <div
        class="MuiGrid-root MuiGrid-item css-13i4rnv-MuiGrid-root"
      />
    </div>
    <main
      class="MuiContainer-root MuiContainer-maxWidthLg css-1oqqzyl-MuiContainer-root"
    >
      <div
        class="MuiGrid-root MuiGrid-container MuiGrid-spacing-xs-3 css-zow5z4-MuiGrid-root"
      >
        <div
          class="MuiGrid-root MuiGrid-container MuiGrid-item css-1h16bbz-MuiGrid-root"
        >
          <div
            class="MuiGrid-root MuiGrid-item css-13i4rnv-MuiGrid-root"
          >
            <img
              alt="papermodel"
              height="160px"
              layout="fixed"
              width="256px"
            />
          </div>
        </div>
        <div
          class="MuiGrid-root MuiGrid-container MuiGrid-item css-1h16bbz-MuiGrid-root"
          style="margin-top: 46px;"
        >
          <div
            class="MuiGrid-root MuiGrid-container MuiGrid-item MuiGrid-spacing-xs-3 MuiGrid-grid-xs-12 MuiGrid-grid-sm-10 MuiGrid-grid-md-8 MuiGrid-grid-lg-8 css-1k25aso-MuiGrid-root"
          >
            <div
              class="MuiGrid-root MuiGrid-item MuiGrid-grid-xs-12 height50px css-1idn90j-MuiGrid-root"
            >
              <div
                class="MuiCollapse-root MuiCollapse-vertical MuiCollapse-hidden css-bz4dnt-MuiCollapse-root"
                style="min-height: 0px;"
              >
                <div
                  class="MuiCollapse-wrapper MuiCollapse-vertical css-smkl36-MuiCollapse-wrapper"
                >
                  <div
                    class="MuiCollapse-wrapperInner MuiCollapse-vertical css-9l5vo-MuiCollapse-wrapperInner"
                  >
                    <div
                      class="MuiPaper-root MuiPaper-elevation MuiPaper-rounded MuiPaper-elevation0 MuiAlert-root MuiAlert-standardInfo MuiAlert-standard css-1fuz9qr-MuiPaper-root-MuiAlert-root"
                      role="alert"
                    >
                      <div
                        class="MuiAlert-icon css-1ytlwq5-MuiAlert-icon"
                      >
                        <svg
                          aria-hidden="true"
                          class="MuiSvgIcon-root MuiSvgIcon-fontSizeInherit css-1vooibu-MuiSvgIcon-root"
                          data-testid="InfoOutlinedIcon"
                          focusable="false"
                          viewBox="0 0 24 24"
                        >
                          <path
                            d="M11,9H13V7H11M12,20C7.59,20 4,16.41 4,12C4,7.59 7.59,4 12,4C16.41,4 20,7.59 20, 12C20,16.41 16.41,20 12,20M12,2A10,10 0 0,0 2,12A10,10 0 0,0 12,22A10,10 0 0,0 22,12A10, 10 0 0,0 12,2M11,17H13V11H11V17Z"
                          />
                        </svg>
                      </div>
                      <div
                        class="MuiAlert-message css-1pxa9xg-MuiAlert-message"
                      >
                        No results were found, showing some nice suggestions!
                      </div>
                      <div
                        class="MuiAlert-action css-ki1hdl-MuiAlert-action"
                      >
                        <button
                          aria-label="Close"
                          class="MuiButtonBase-root MuiIconButton-root MuiIconButton-colorInherit MuiIconButton-sizeSmall css-1e0d89p-MuiButtonBase-root-MuiIconButton-root"
                          tabindex="0"
                          title="Close"
                          type="button"
                        >
                          <svg
                            aria-hidden="true"
                            class="MuiSvgIcon-root MuiSvgIcon-fontSizeSmall css-ptiqhd-MuiSvgIcon-root"
                            data-testid="CloseIcon"
                            focusable="false"
                            viewBox="0 0 24 24"
                          >
                            <path
                              d="M19 6.41L17.59 5 12 10.59 6.41 5 5 6.41 10.59 12 5 17.59 6.41 19 12 13.41 17.59 19 19 17.59 13.41 12z"
                            />
                          </svg>
                          <span
                            class="MuiTouchRipple-root css-8je8zh-MuiTouchRipple-root"
                          />
                        </button>
                      </div>
                    </div>
                  </div>
                </div>
              </div>
            </div>
            <div
              class="MuiGrid-root MuiGrid-item MuiGrid-grid-xs-11 css-ykovpn-MuiGrid-root"
            >
              <div
                class="MuiFormControl-root MuiFormControl-marginDense MuiFormControl-fullWidth MuiTextField-root search-input css-1z10yd4-MuiFormControl-root-MuiTextField-root"
                hidden=""
              >
                <label
                  class="MuiFormLabel-root MuiInputLabel-root MuiInputLabel-formControl MuiInputLabel-animated MuiInputLabel-shrink MuiInputLabel-outlined MuiFormLabel-colorPrimary Mui-focused MuiInputLabel-root MuiInputLabel-formControl MuiInputLabel-animated MuiInputLabel-shrink MuiInputLabel-outlined css-1sumxir-MuiFormLabel-root-MuiInputLabel-root"
                  data-shrink="true"
                  for=":r0:"
                  id=":r0:-label"
                >
                  Search for a model
                </label>
                <div
                  class="MuiInputBase-root MuiOutlinedInput-root MuiInputBase-colorPrimary MuiInputBase-fullWidth Mui-focused MuiInputBase-formControl MuiInputBase-adornedEnd css-154xyx0-MuiInputBase-root-MuiOutlinedInput-root"
                >
                  <input
                    aria-invalid="false"
                    class="MuiInputBase-input MuiOutlinedInput-input MuiInputBase-inputAdornedEnd css-nxo287-MuiInputBase-input-MuiOutlinedInput-input"
                    id=":r0:"
                    name="searchModel"
                    type="text"
                    value=""
                  />
                  <div
                    class="MuiInputAdornment-root MuiInputAdornment-positionEnd MuiInputAdornment-outlined MuiInputAdornment-sizeMedium css-1laqsz7-MuiInputAdornment-root"
                  >
                    <button
                      class="MuiButtonBase-root MuiIconButton-root MuiIconButton-sizeMedium css-78trlr-MuiButtonBase-root-MuiIconButton-root"
                      tabindex="0"
                      title="Clean"
                      type="button"
                    >
                      <svg
                        fill="currentColor"
                        height="1em"
                        stroke="currentColor"
                        stroke-width="0"
                        viewBox="0 0 24 24"
                        width="1em"
                        xmlns="http://www.w3.org/2000/svg"
                      >
                        <path
                          d="M0 0h24v24H0z"
                          fill="none"
                        />
                        <path
                          d="M19 6.41L17.59 5 12 10.59 6.41 5 5 6.41 10.59 12 5 17.59 6.41 19 12 13.41 17.59 19 19 17.59 13.41 12z"
                        />
                      </svg>
                      <span
                        class="MuiTouchRipple-root css-8je8zh-MuiTouchRipple-root"
                      />
                    </button>
                  </div>
                  <fieldset
                    aria-hidden="true"
                    class="MuiOutlinedInput-notchedOutline css-1d3z3hw-MuiOutlinedInput-notchedOutline"
                  >
                    <legend
                      class="css-14lo706"
                    >
                      <span>
                        Search for a model
                      </span>
                    </legend>
                  </fieldset>
                </div>
              </div>
            </div>
            <div
              class="MuiGrid-root MuiGrid-item MuiGrid-grid-xs-1 css-u78q51-MuiGrid-root"
            >
              <button
                class="MuiButtonBase-root MuiButton-root MuiLoadingButton-root MuiButton-contained MuiButton-containedPrimary MuiButton-sizeLarge MuiButton-containedSizeLarge MuiButton-root MuiLoadingButton-root MuiButton-contained MuiButton-containedPrimary MuiButton-sizeLarge MuiButton-containedSizeLarge search-button css-124vkh3-MuiButtonBase-root-MuiButton-root-MuiLoadingButton-root"
                id=":r1:"
                tabindex="0"
                type="button"
              >
                <svg
                  fill="currentColor"
                  height="22"
                  stroke="currentColor"
                  stroke-width="0"
                  viewBox="0 0 24 24"
                  width="22"
                  xmlns="http://www.w3.org/2000/svg"
                >
                  <title>
                    Search for a model
                  </title>
                  <path
                    d="M0 0h24v24H0z"
                    fill="none"
                  />
                  <path
                    d="M15.5 14h-.79l-.28-.27A6.471 6.471 0 0016 9.5 6.5 6.5 0 109.5 16c1.61 0 3.09-.59 4.23-1.57l.27.28v.79l5 4.99L20.49 19l-4.99-5zm-6 0C7.01 14 5 11.99 5 9.5S7.01 5 9.5 5 14 7.01 14 9.5 11.99 14 9.5 14z"
                  />
                </svg>
                <span
                  class="MuiTouchRipple-root css-8je8zh-MuiTouchRipple-root"
                />
              </button>
            </div>
          </div>
        </div>
        <div
          class="MuiGrid-root MuiGrid-container MuiGrid-item MuiGrid-spacing-xs-3 css-b2xmsj-MuiGrid-root"
        />
        <div
          class="MuiGrid-root MuiGrid-container MuiGrid-item MuiGrid-spacing-xs-3 hidden css-b2xmsj-MuiGrid-root"
        >
          <div
            class="MuiGrid-root MuiGrid-container MuiGrid-item MuiGrid-grid-xs-12 css-s2k0j8-MuiGrid-root"
          >
            <nav
              aria-label="pagination navigation"
              class="MuiPagination-root MuiPagination-text css-1oj2twp-MuiPagination-root"
            >
              <ul
                class="MuiPagination-ul css-wjh20t-MuiPagination-ul"
              >
                <li>
                  <button
                    aria-label="Go to previous page"
                    class="MuiButtonBase-root Mui-disabled MuiPaginationItem-root MuiPaginationItem-sizeMedium MuiPaginationItem-text MuiPaginationItem-circular Mui-disabled MuiPaginationItem-previousNext css-yuzg60-MuiButtonBase-root-MuiPaginationItem-root"
                    disabled=""
                    tabindex="-1"
                    type="button"
                  >
                    <svg
                      aria-hidden="true"
                      class="MuiSvgIcon-root MuiSvgIcon-fontSizeMedium MuiPaginationItem-icon css-g2z002-MuiSvgIcon-root-MuiPaginationItem-icon"
                      data-testid="NavigateBeforeIcon"
                      focusable="false"
                      viewBox="0 0 24 24"
                    >
                      <path
                        d="M15.41 7.41L14 6l-6 6 6 6 1.41-1.41L10.83 12z"
                      />
                    </svg>
                  </button>
                </li>
                <li>
                  <button
                    aria-label="Go to next page"
                    class="MuiButtonBase-root Mui-disabled MuiPaginationItem-root MuiPaginationItem-sizeMedium MuiPaginationItem-text MuiPaginationItem-circular Mui-disabled MuiPaginationItem-previousNext css-yuzg60-MuiButtonBase-root-MuiPaginationItem-root"
                    disabled=""
                    tabindex="-1"
                    type="button"
                  >
                    <svg
                      aria-hidden="true"
                      class="MuiSvgIcon-root MuiSvgIcon-fontSizeMedium MuiPaginationItem-icon css-g2z002-MuiSvgIcon-root-MuiPaginationItem-icon"
                      data-testid="NavigateNextIcon"
                      focusable="false"
                      viewBox="0 0 24 24"
                    >
                      <path
                        d="M10 6L8.59 7.41 13.17 12l-4.58 4.59L10 18l6-6z"
                      />
                    </svg>
                  </button>
                </li>
              </ul>
            </nav>
          </div>
          <div
            class="MuiGrid-root MuiGrid-container MuiGrid-item MuiGrid-grid-xs-12 css-s2k0j8-MuiGrid-root"
          >
            <p
              class="MuiTypography-root MuiTypography-body1 css-ahj2mt-MuiTypography-root"
            >
              Total pages: 
              0
            </p>
          </div>
        </div>
        <div
          class="MuiGrid-root MuiGrid-container MuiGrid-item MuiGrid-grid-xs-12 css-s2k0j8-MuiGrid-root"
        >
          <div
            class="MuiGrid-root MuiGrid-item MuiGrid-grid-xs-12 justify-content-center height50px css-1idn90j-MuiGrid-root"
          >
            <p
              class="MuiTypography-root MuiTypography-body1 css-ahj2mt-MuiTypography-root"
            >
              or see our categories
            </p>
          </div>
          <div
            class="MuiGrid-root MuiGrid-container MuiGrid-item MuiGrid-grid-xs-12 css-s2k0j8-MuiGrid-root"
          >
            <div
              class="swiper swiper-initialized swiper-horizontal"
            >
              <div
                class="swiper-wrapper"
                style="transition-duration: 0ms; transform: translate3d(NaNpx, 0px, 0px);"
              >
                <div
                  class="swiper-slide"
                >
                  <span
                    class="MuiCircularProgress-root MuiCircularProgress-indeterminate MuiCircularProgress-colorPrimary css-18lrjg1-MuiCircularProgress-root"
                    role="progressbar"
                    style="width: 40px; height: 40px;"
                  >
                    <svg
                      class="MuiCircularProgress-svg css-1idz92c-MuiCircularProgress-svg"
                      viewBox="22 22 44 44"
                    >
                      <circle
                        class="MuiCircularProgress-circle MuiCircularProgress-circleIndeterminate css-176wh8e-MuiCircularProgress-circle"
                        cx="44"
                        cy="44"
                        fill="none"
                        r="20.2"
                        stroke-width="3.6"
                      />
                    </svg>
                  </span>
                </div>
                <div
                  class="swiper-slide"
                >
                  <span
                    class="MuiCircularProgress-root MuiCircularProgress-indeterminate MuiCircularProgress-colorPrimary css-18lrjg1-MuiCircularProgress-root"
                    role="progressbar"
                    style="width: 40px; height: 40px;"
                  >
                    <svg
                      class="MuiCircularProgress-svg css-1idz92c-MuiCircularProgress-svg"
                      viewBox="22 22 44 44"
                    >
                      <circle
                        class="MuiCircularProgress-circle MuiCircularProgress-circleIndeterminate css-176wh8e-MuiCircularProgress-circle"
                        cx="44"
                        cy="44"
                        fill="none"
                        r="20.2"
                        stroke-width="3.6"
                      />
                    </svg>
                  </span>
                </div>
                <div
                  class="swiper-slide"
                >
                  <span
                    class="MuiCircularProgress-root MuiCircularProgress-indeterminate MuiCircularProgress-colorPrimary css-18lrjg1-MuiCircularProgress-root"
                    role="progressbar"
                    style="width: 40px; height: 40px;"
                  >
                    <svg
                      class="MuiCircularProgress-svg css-1idz92c-MuiCircularProgress-svg"
                      viewBox="22 22 44 44"
                    >
                      <circle
                        class="MuiCircularProgress-circle MuiCircularProgress-circleIndeterminate css-176wh8e-MuiCircularProgress-circle"
                        cx="44"
                        cy="44"
                        fill="none"
                        r="20.2"
                        stroke-width="3.6"
                      />
                    </svg>
                  </span>
                </div>
              </div>
              <div
                class="swiper-button-prev"
              />
              <div
                class="swiper-button-next"
              />
            </div>
          </div>
        </div>
      </div>
    </main>
  </div>
</body>
`;
